// Jest Snapshot v1, https://goo.gl/fbAQLP

exports[`MonsterSelectionContainer render prior to selecting a monster matches snapshot 1`] = `
<div>
  <_class
    appStore={
      Object {
        "changeBattlePhase": [Function],
        "selectedMonsterName": "mock-monster-name",
      }
    }
    monstersData={
      Array [
        Object {
          "agility": 20,
          "attack": 1,
          "defense": 4,
          "hp": 15,
          "monsterName": "Lake Monster",
          "passiveName": "Insatiable",
        },
        Object {
          "agility": 15,
          "attack": 3,
          "defense": 4,
          "hp": 20,
          "monsterName": "Gorilla",
          "passiveName": "Enrage",
        },
        Object {
          "agility": 23,
          "attack": 5,
          "defense": 3,
          "hp": 10,
          "monsterName": "Mutated Deer",
          "passiveName": "Radioactive",
        },
        Object {
          "agility": 25,
          "attack": 4,
          "defense": 2,
          "hp": 10,
          "monsterName": "Wolf",
          "passiveName": "Ambush",
        },
        Object {
          "agility": 13,
          "attack": 3,
          "defense": 5,
          "hp": 20,
          "monsterName": "Bear",
          "passiveName": "Thick Hide",
        },
        Object {
          "agility": 14,
          "attack": 5,
          "defense": 3,
          "hp": 30,
          "monsterName": "Baby Buffalo",
          "passiveName": "Stubborn",
        },
        Object {
          "agility": 15,
          "attack": 4,
          "defense": 1,
          "hp": 20,
          "monsterName": "Poisonous Snake",
          "passiveName": "Dissolve",
        },
        Object {
          "agility": 25,
          "attack": 4,
          "defense": 2,
          "hp": 15,
          "monsterName": "Mutated Wolf",
          "passiveName": "Ambush, Radioactive",
        },
        Object {
          "agility": 10,
          "attack": 4,
          "defense": 5,
          "hp": 25,
          "monsterName": "Mutated Bear",
          "passiveName": "Thick Hide",
        },
        Object {
          "agility": 10,
          "attack": 4,
          "defense": 4,
          "hp": 20,
          "monsterName": "Azgeda Scout",
          "passiveName": "Prepared",
        },
        Object {
          "agility": 15,
          "attack": 6,
          "defense": 6,
          "hp": 30,
          "monsterName": "Rogue Reaper",
          "passiveName": "Bloodthirst",
        },
        Object {
          "agility": 27,
          "attack": 8,
          "defense": 5,
          "hp": 30,
          "monsterName": "Tiger",
          "passiveName": "Nine Lives",
        },
        Object {
          "agility": 20,
          "attack": 8,
          "defense": 7,
          "hp": 35,
          "monsterName": "Azgeda Officer",
          "passiveName": "Experienced",
        },
        Object {
          "agility": 30,
          "attack": 10,
          "defense": 15,
          "hp": 20,
          "monsterName": "A.L.I.E. Drone",
          "passiveName": "Outdated",
        },
        Object {
          "agility": 20,
          "attack": 9,
          "defense": 9,
          "hp": 30,
          "monsterName": "Desert Nomad",
          "passiveName": "Recklessness",
        },
        Object {
          "agility": 25,
          "attack": 15,
          "defense": 5,
          "hp": 35,
          "monsterName": "Shark",
          "passiveName": "Natural Habitat",
        },
        Object {
          "agility": 30,
          "attack": 11,
          "defense": 7,
          "hp": 45,
          "monsterName": "Mutated Tiger",
          "passiveName": "Nine Lives, Radioactive",
        },
        Object {
          "agility": 22,
          "attack": 6,
          "defense": 8,
          "hp": 40,
          "monsterName": "Silverback Gorilla",
          "passiveName": "Enrage",
        },
        Object {
          "agility": 24,
          "attack": 15,
          "defense": 8,
          "hp": 60,
          "monsterName": "Wild Buffalo",
          "passiveName": "Stubborn, Left overs",
        },
        Object {
          "agility": 28,
          "attack": 13,
          "defense": 7,
          "hp": 55,
          "monsterName": "Azgeda Elite",
          "passiveName": "Critical Defense",
        },
        Object {
          "agility": 29,
          "attack": 12,
          "defense": 10,
          "hp": 40,
          "monsterName": "Yeti",
          "passiveName": "Thick Hide, Enrage",
        },
        Object {
          "agility": 50,
          "attack": 15,
          "defense": 10,
          "hp": 150,
          "monsterName": "A.L.I.E.",
          "passiveName": "Adaptive Circuitry, Vengeful",
        },
        Object {
          "agility": 30,
          "attack": 36,
          "defense": 10,
          "hp": 180,
          "monsterName": "Kraken",
          "passiveName": "Multistrike, Ancient Powers",
        },
        Object {
          "agility": 35,
          "attack": 25,
          "defense": 12,
          "hp": 150,
          "monsterName": "Roan",
          "passiveName": "Dual Wield, Experienced, Critical Defense",
        },
        Object {
          "agility": 40,
          "attack": 18,
          "defense": 10,
          "hp": 250,
          "monsterName": "Sir Chomper",
          "passiveName": "Stubborn, Left overs, Crazy Eyes",
        },
        Object {
          "agility": 33,
          "attack": 15,
          "defense": 10,
          "hp": 180,
          "monsterName": "Red Reaper",
          "passiveName": "Bloodthirst, Bloodlust",
        },
      ]
    }
  />
</div>
`;
